exports[`Checkboxes does not explode 1`] = `
<div
  className="Checkboxes">
  <label>
    <div
      className="checkbox-heading">
      COOL LABEL
    </div>
    <label
      className="checkbox-label">
      <input
        checked={true}
        name="COOL NAME"
        onClick={[Function changeHandler]}
        type="checkbox"
        value="COOL OPTION" />
      COOL OPTION
    </label>
    <label
      className="checkbox-label">
      <input
        checked={false}
        name="COOL NAME"
        onClick={[Function changeHandler]}
        type="checkbox"
        value="UNCOOL OPTION" />
      UNCOOL OPTION
    </label>
  </label>
</div>
`;
