exports[`KnockedForm does not explode 1`] = `
<div
  className="KnockedForm">
  <div
    className="FlashMessage">
    Welcome to Knocker!
  </div>
  <form>
    <div
      className="Login">
      <div
        className="TextInput">
        <input
          name="knocker"
          onChange={[Function bound updateField]}
          placeholder="Who\'s knocking?"
          type="text"
          value="" />
      </div>
      <input
        name="password"
        onChange={[Function bound setPassword]}
        placeholder="What\'s your password?"
        type="password"
        value="" />
    </div>
    <div
      className="TextInput">
      <input
        name="knockeeAddress"
        onChange={[Function bound updateField]}
        placeholder="Where did you knock?"
        type="text"
        value="" />
    </div>
    <div
      className="TextInput">
      <input
        name="knockeePerson"
        onChange={[Function bound updateField]}
        placeholder="Who did you speak to? (optional)"
        type="text"
        value="" />
    </div>
    <div
      className="DropDown">
      <select
        className="unfilled"
        name="interaction"
        onChange={[Function bound updateField]}
        value={undefined}>
        <option
          disabled={true}
          selected={true}>
          What happened?
        </option>
        <option
          value="We had a non-meaningful interaction">
          We had a non-meaningful interaction
        </option>
        <option
          value="We had a meaningful interaction">
          We had a meaningful interaction
        </option>
        <option
          value="They were busy">
          They were busy
        </option>
        <option
          value="There was a language barrier">
          There was a language barrier
        </option>
        <option
          value="There was no answer">
          There was no answer
        </option>
        <option
          value="I received bad information">
          I received bad information
        </option>
        <option
          value="The property was inaccessible">
          The property was inaccessible
        </option>
        <option
          value="They refused to talk to me">
          They refused to talk to me
        </option>
      </select>
    </div>
    <div
      className="DropDown">
      <select
        className="unfilled"
        name="support"
        onChange={[Function bound updateField]}
        value={undefined}>
        <option
          disabled={true}
          selected={true}>
          What was their level of support? (optional)
        </option>
        <option
          value="Strong">
          Strong
        </option>
        <option
          value="Weak">
          Weak
        </option>
        <option
          value="Undecided">
          Undecided
        </option>
        <option
          value="Weakly opposed">
          Weakly opposed
        </option>
        <option
          value="Strongly opposed">
          Strongly opposed
        </option>
        <option
          value="Unknown">
          Unknown
        </option>
      </select>
    </div>
    <textarea
      name="issues"
      onChange={[Function bound updateField]}
      placeholder="What issues did they care about? (optional)
    e.g. health, jobs, climate change"
      value="" />
    <textarea
      name="notes"
      onChange={[Function bound updateField]}
      placeholder="Anything else? (optional)"
      value="" />
    <div
      className="DropDown">
      <select
        className="unfilled"
        name="followupRequired"
        onChange={[Function bound updateField]}
        value={undefined}>
        <option
          disabled={true}
          selected={true}>
          Should we have a followup conversation? (optional)
        </option>
        <option
          value="Yeah">
          Yeah
        </option>
        <option
          value="Nope">
          Nope
        </option>
      </select>
    </div>
    <div
      className="Submit">
      <input
        disabled={true}
        onClick={[Function bound transmit]}
        type="submit" />
    </div>
  </form>
</div>
`;
