exports[`KnockedForm does not explode 1`] = `
<div
  className="KnockedForm">
  <div
    className="FlashMessage">
    Welcome to Knocker!
  </div>
  <form>
    <div
      className="TextInput">
      <label>
        Who knocked?
        <input
          name="knocker"
          onChange={[Function bound updateField]}
          type="text"
          value="" />
      </label>
    </div>
    <div
      className="TextInput">
      <label>
        Where did you knock?
        <input
          name="knockeeAddress"
          onChange={[Function bound updateField]}
          type="text"
          value="" />
      </label>
    </div>
    <div
      className="TextInput">
      <label>
        Who did you speak to?
        <input
          name="knockeePerson"
          onChange={[Function bound updateField]}
          type="text"
          value="" />
      </label>
    </div>
    <div
      className="RadioButtons">
      <label>
        <div
          className="radio-heading">
          What happened?
        </div>
        <label
          className="radio-label">
          <input
            checked={false}
            name="interaction"
            onClick={[Function bound updateField]}
            type="radio"
            value="Non-meaningful interaction" />
          Non-meaningful interaction
        </label>
        <label
          className="radio-label">
          <input
            checked={false}
            name="interaction"
            onClick={[Function bound updateField]}
            type="radio"
            value="Meaningful interaction" />
          Meaningful interaction
        </label>
        <label
          className="radio-label">
          <input
            checked={false}
            name="interaction"
            onClick={[Function bound updateField]}
            type="radio"
            value="Busy" />
          Busy
        </label>
        <label
          className="radio-label">
          <input
            checked={false}
            name="interaction"
            onClick={[Function bound updateField]}
            type="radio"
            value="Language Barrier" />
          Language Barrier
        </label>
        <label
          className="radio-label">
          <input
            checked={false}
            name="interaction"
            onClick={[Function bound updateField]}
            type="radio"
            value="No Answer" />
          No Answer
        </label>
        <label
          className="radio-label">
          <input
            checked={false}
            name="interaction"
            onClick={[Function bound updateField]}
            type="radio"
            value="Bad Info" />
          Bad Info
        </label>
        <label
          className="radio-label">
          <input
            checked={false}
            name="interaction"
            onClick={[Function bound updateField]}
            type="radio"
            value="Inaccessible" />
          Inaccessible
        </label>
        <label
          className="radio-label">
          <input
            checked={false}
            name="interaction"
            onClick={[Function bound updateField]}
            type="radio"
            value="Refused" />
          Refused
        </label>
      </label>
    </div>
    <div
      className="RadioButtons">
      <label>
        <div
          className="radio-heading">
          What was their level of support?
        </div>
        <label
          className="radio-label">
          <input
            checked={false}
            name="support"
            onClick={[Function bound updateField]}
            type="radio"
            value="Unknown" />
          Unknown
        </label>
        <label
          className="radio-label">
          <input
            checked={false}
            name="support"
            onClick={[Function bound updateField]}
            type="radio"
            value="Strong support" />
          Strong support
        </label>
        <label
          className="radio-label">
          <input
            checked={false}
            name="support"
            onClick={[Function bound updateField]}
            type="radio"
            value="Weak support" />
          Weak support
        </label>
        <label
          className="radio-label">
          <input
            checked={false}
            name="support"
            onClick={[Function bound updateField]}
            type="radio"
            value="Undecided" />
          Undecided
        </label>
        <label
          className="radio-label">
          <input
            checked={false}
            name="support"
            onClick={[Function bound updateField]}
            type="radio"
            value="Weak oppose" />
          Weak oppose
        </label>
        <label
          className="radio-label">
          <input
            checked={false}
            name="support"
            onClick={[Function bound updateField]}
            type="radio"
            value="Strong oppose" />
          Strong oppose
        </label>
      </label>
    </div>
    <div
      className="Checkboxes">
      <label>
        <div
          className="checkbox-heading">
          What issues did they care about?
        </div>
        <label
          className="checkbox-label">
          <input
            checked={false}
            name="issues"
            onClick={[Function bound updateCheckedOptions]}
            type="checkbox"
            value="Jobs" />
          Jobs
        </label>
        <label
          className="checkbox-label">
          <input
            checked={false}
            name="issues"
            onClick={[Function bound updateCheckedOptions]}
            type="checkbox"
            value="Cost of living" />
          Cost of living
        </label>
        <label
          className="checkbox-label">
          <input
            checked={false}
            name="issues"
            onClick={[Function bound updateCheckedOptions]}
            type="checkbox"
            value="Economy" />
          Economy
        </label>
        <label
          className="checkbox-label">
          <input
            checked={false}
            name="issues"
            onClick={[Function bound updateCheckedOptions]}
            type="checkbox"
            value="Education " />
          Education 
        </label>
        <label
          className="checkbox-label">
          <input
            checked={false}
            name="issues"
            onClick={[Function bound updateCheckedOptions]}
            type="checkbox"
            value="Health" />
          Health
        </label>
        <label
          className="checkbox-label">
          <input
            checked={false}
            name="issues"
            onClick={[Function bound updateCheckedOptions]}
            type="checkbox"
            value="Climate change" />
          Climate change
        </label>
        <label
          className="checkbox-label">
          <input
            checked={false}
            name="issues"
            onClick={[Function bound updateCheckedOptions]}
            type="checkbox"
            value="Environment" />
          Environment
        </label>
        <label
          className="checkbox-label">
          <input
            checked={false}
            name="issues"
            onClick={[Function bound updateCheckedOptions]}
            type="checkbox"
            value="Refugees" />
          Refugees
        </label>
        <label
          className="checkbox-label">
          <input
            checked={false}
            name="issues"
            onClick={[Function bound updateCheckedOptions]}
            type="checkbox"
            value="Other" />
          Other
        </label>
      </label>
    </div>
    <div
      className="RadioButtons">
      <label>
        <div
          className="radio-heading">
          Should we have a followup conversation?
        </div>
        <label
          className="radio-label">
          <input
            checked={false}
            name="followupRequired"
            onClick={[Function bound updateField]}
            type="radio"
            value="Yeah" />
          Yeah
        </label>
        <label
          className="radio-label">
          <input
            checked={false}
            name="followupRequired"
            onClick={[Function bound updateField]}
            type="radio"
            value="Nope" />
          Nope
        </label>
      </label>
    </div>
    <label>
      Anything else?
      <textarea
        name="notes"
        onChange={[Function bound updateField]}
        value="" />
    </label>
    <div
      className="Submit">
      <input
        disabled={true}
        onClick={[Function bound transmit]}
        type="submit" />
    </div>
  </form>
</div>
`;
