exports[`RadioButtons displays message 1`] = `
<div
  className="RadioButtons">
  <label>
    <div
      className="radio-heading">
      COOL RADIO GROUP
    </div>
    <label
      className="radio-label">
      <input
        checked={true}
        name="COOL KEY"
        onClick={[Function changeHandler]}
        type="radio"
        value="SELECTED OPTION" />
      SELECTED OPTION
    </label>
    <label
      className="radio-label">
      <input
        checked={false}
        name="COOL KEY"
        onClick={[Function changeHandler]}
        type="radio"
        value="OTHER OPTION" />
      OTHER OPTION
    </label>
  </label>
</div>
`;
