exports[`App does not explode 1`] = `
<div
  className="App">
  <h1>
    Knocker
  </h1>
  <div
    className="FlashMessage">
    So, tell me a bit about yourself...
  </div>
  <div
    className="Login">
    <form>
      <div
        className="TextInput">
        <input
          name="user"
          onChange={[Function bound updateUser]}
          placeholder="Who\'s knocking?"
          type="text"
          value="" />
      </div>
      <input
        name="password"
        onChange={[Function bound updatePassword]}
        placeholder="What\'s your password?"
        type="password"
        value="" />
      <div
        className="Submit">
        <input
          disabled={true}
          onClick={[Function bound transmit]}
          type="submit" />
      </div>
    </form>
  </div>
</div>
`;
